\BOOKMARK [1][-]{section.1}{\376\377\000I\000n\000t\000r\000o\000d\000u\000c\000t\000i\000o\000n}{}% 1
\BOOKMARK [2][-]{subsection.1.1}{\376\377\000P\000r\000e\000v\000i\000o\000u\000s\000\040\000W\000o\000r\000k\000s}{section.1}% 2
\BOOKMARK [2][-]{subsection.1.2}{\376\377\000N\000o\000v\000e\000l\000t\000y\000\040\000o\000f\000\040\000t\000h\000i\000s\000\040\000W\000o\000r\000k}{section.1}% 3
\BOOKMARK [1][-]{section.2}{\376\377\000T\000h\000e\000o\000r\000y\000\040\000a\000n\000d\000\040\000M\000e\000t\000h\000o\000d\000s}{}% 4
\BOOKMARK [2][-]{subsection.2.1}{\376\377\000F\000T\000I\000R\000\040\000S\000p\000e\000c\000t\000r\000o\000s\000c\000o\000p\000y}{section.2}% 5
\BOOKMARK [3][-]{subsubsection.2.1.1}{\376\377\000F\000T\000I\000R\000\040\000D\000a\000t\000a\000s\000e\000t\000\040\000C\000o\000l\000l\000e\000c\000t\000i\000o\000n}{subsection.2.1}% 6
\BOOKMARK [2][-]{subsection.2.2}{\376\377\000C\000r\000o\000s\000s\000-\000V\000a\000l\000i\000d\000a\000t\000i\000o\000n\000\040\000A\000p\000p\000r\000o\000a\000c\000h}{section.2}% 7
\BOOKMARK [2][-]{subsection.2.3}{\376\377\000B\000a\000s\000e\000l\000i\000n\000e\000\040\000C\000l\000a\000s\000s\000i\000f\000i\000c\000a\000t\000i\000o\000n\000\040\000M\000e\000t\000h\000o\000d\000s}{section.2}% 8
\BOOKMARK [2][-]{subsection.2.4}{\376\377\000M\000a\000c\000h\000i\000n\000e\000\040\000L\000e\000a\000r\000n\000i\000n\000g\000\040\000\050\000M\000L\000\051\000\040\000F\000o\000r\000\040\000C\000l\000a\000s\000s\000i\000f\000i\000c\000a\000t\000i\000o\000n}{section.2}% 9
\BOOKMARK [2][-]{subsection.2.5}{\376\377\000N\000e\000u\000r\000a\000l\000\040\000N\000e\000t\000w\000o\000r\000k\000s}{section.2}% 10
\BOOKMARK [3][-]{subsubsection.2.5.1}{\376\377\000A\000\040\000S\000c\000a\000l\000e\000-\000A\000d\000j\000u\000s\000t\000i\000n\000g\000\040\000C\000o\000n\000v\000o\000l\000u\000t\000i\000o\000n\000a\000l\000\040\000N\000e\000u\000r\000a\000l\000\040\000N\000e\000t\000w\000o\000r\000k\000\040\000\050\000S\000C\000N\000N\000\051}{subsection.2.5}% 11
\BOOKMARK [2][-]{subsection.2.6}{\376\377\000E\000x\000p\000l\000a\000i\000n\000a\000b\000i\000l\000i\000t\000y}{section.2}% 12
\BOOKMARK [3][-]{subsubsection.2.6.1}{\376\377\000L\000o\000c\000a\000l\000\040\000I\000n\000t\000e\000r\000p\000r\000e\000t\000a\000b\000l\000e\000\040\000M\000o\000d\000e\000l\000-\000A\000g\000n\000o\000s\000t\000i\000c\000\040\000E\000x\000p\000l\000a\000n\000a\000t\000i\000o\000n\000s\000\040\000\050\000L\000I\000M\000E\000\051}{subsection.2.6}% 13
\BOOKMARK [3][-]{subsubsection.2.6.2}{\376\377\000C\000o\000n\000t\000e\000x\000t\000\040\000R\000e\000p\000r\000e\000s\000e\000n\000t\000a\000t\000i\000v\000e\000\040\000I\000n\000t\000e\000r\000p\000r\000e\000t\000a\000b\000l\000e\000\040\000M\000o\000d\000e\000l\000-\000A\000g\000n\000o\000s\000t\000i\000c\000\040\000E\000x\000p\000l\000a\000n\000a\000t\000i\000o\000n\000s\000\040\000\050\000C\000R\000I\000M\000E\000\051}{subsection.2.6}% 14
\BOOKMARK [3][-]{subsubsection.2.6.3}{\376\377\000V\000a\000r\000i\000a\000t\000i\000o\000n\000a\000l\000\040\000A\000u\000t\000o\000e\000n\000c\000o\000d\000e\000r\000s\000\040\000\050\000V\000A\000E\000\051}{subsection.2.6}% 15
\BOOKMARK [3][-]{subsubsection.2.6.4}{\376\377\000C\000R\000I\000M\000E\000\040\000w\000i\000t\000h\000\040\000L\000i\000n\000e\000a\000r\000\040\000C\000l\000a\000s\000s\000i\000f\000i\000c\000a\000t\000i\000o\000n}{subsection.2.6}% 16
\BOOKMARK [2][-]{subsection.2.7}{\376\377\000E\000v\000a\000l\000u\000a\000t\000i\000o\000n\000\040\000M\000e\000t\000r\000i\000c\000s}{section.2}% 17
\BOOKMARK [3][-]{subsubsection.2.7.1}{\376\377\000B\000i\000n\000a\000r\000y\000\040\000C\000l\000a\000s\000s\000i\000f\000i\000c\000a\000t\000i\000o\000n\000\040\000M\000e\000t\000h\000o\000d\000o\000l\000o\000g\000y}{subsection.2.7}% 18
\BOOKMARK [1][-]{section.3}{\376\377\000R\000e\000s\000u\000l\000t\000s\000\040\000a\000n\000d\000\040\000D\000i\000s\000c\000u\000s\000s\000i\000o\000n}{}% 19
\BOOKMARK [2][-]{subsection.3.1}{\376\377\000D\000a\000t\000a\000s\000e\000t\000\040\000A\000n\000a\000l\000y\000s\000i\000s}{section.3}% 20
\BOOKMARK [2][-]{subsection.3.2}{\376\377\000C\000l\000a\000s\000s\000i\000f\000i\000c\000a\000t\000i\000o\000n\000\040\000M\000e\000t\000h\000o\000d\000s}{section.3}% 21
\BOOKMARK [3][-]{subsubsection.3.2.1}{\376\377\000T\000r\000a\000d\000i\000t\000i\000o\000n\000a\000l\000\040\000C\000l\000a\000s\000s\000i\000f\000i\000c\000a\000t\000i\000o\000n\000\040\000M\000e\000t\000h\000o\000d\000s}{subsection.3.2}% 22
\BOOKMARK [2][-]{subsection.3.3}{\376\377\000A\000\040\000S\000c\000a\000l\000e\000-\000I\000n\000v\000a\000r\000i\000a\000n\000t\000\040\000C\000o\000n\000v\000o\000l\000u\000t\000i\000o\000n\000a\000l\000\040\000N\000e\000u\000r\000a\000l\000\040\000N\000e\000t\000w\000o\000r\000k\000\040\000A\000p\000p\000r\000o\000a\000c\000h}{section.3}% 23
\BOOKMARK [2][-]{subsection.3.4}{\376\377\000S\000C\000N\000N\000\040\000P\000e\000r\000f\000o\000r\000m\000a\000n\000c\000e\000\040\000I\000n\000v\000e\000s\000t\000i\000g\000a\000t\000i\000o\000n}{section.3}% 24
\BOOKMARK [3][-]{subsubsection.3.4.1}{\376\377\000L\000I\000M\000E\000\040\000E\000x\000p\000l\000a\000n\000a\000t\000i\000o\000n\000s}{subsection.3.4}% 25
\BOOKMARK [2][-]{subsection.3.5}{\376\377\000C\000R\000I\000M\000E\000\040\000A\000n\000a\000l\000y\000s\000i\000s}{section.3}% 26
\BOOKMARK [3][-]{subsubsection.3.5.1}{\376\377\000C\000R\000I\000M\000E\000\040\000P\000r\000e\000d\000i\000c\000t\000i\000o\000n\000s}{subsection.3.5}% 27
\BOOKMARK [2][-]{subsection.3.6}{\376\377\000A\000p\000p\000l\000i\000c\000a\000b\000i\000l\000i\000t\000y\000\040\000i\000n\000\040\000P\000h\000y\000s\000i\000c\000s}{section.3}% 28
\BOOKMARK [1][-]{section.4}{\376\377\000C\000o\000n\000c\000l\000u\000s\000i\000o\000n\000s}{}% 29
\BOOKMARK [1][-]{appendix.A}{\376\377\000S\000t\000a\000n\000d\000a\000r\000d\000\040\000M\000a\000c\000h\000i\000n\000e\000\040\000L\000e\000a\000r\000n\000i\000n\000g\000\040\000M\000e\000t\000h\000o\000d\000s}{}% 30
\BOOKMARK [2][-]{subsection.A.1}{\376\377\000P\000r\000i\000n\000c\000i\000p\000a\000l\000\040\000C\000o\000m\000p\000o\000n\000e\000n\000t\000\040\000A\000n\000a\000l\000y\000s\000i\000s\000\040\000\050\000P\000C\000A\000\051}{appendix.A}% 31
\BOOKMARK [2][-]{subsection.A.2}{\376\377\000L\000i\000n\000e\000a\000r\000\040\000D\000i\000s\000c\000r\000i\000m\000i\000n\000a\000n\000t\000\040\000A\000n\000a\000l\000y\000s\000i\000s\000\040\000\050\000L\000D\000A\000\051}{appendix.A}% 32
\BOOKMARK [2][-]{subsection.A.3}{\376\377\000E\000x\000t\000r\000e\000m\000e\000\040\000G\000r\000a\000d\000i\000e\000n\000t\000\040\000B\000o\000o\000s\000t\000i\000n\000g\000\040\000\050\000X\000G\000B\000o\000o\000s\000t\000\040\000o\000r\000\040\000X\000G\000B\000\051}{appendix.A}% 33
\BOOKMARK [1][-]{appendix.B}{\376\377\000M\000L\000\040\000C\000o\000n\000n\000e\000c\000t\000i\000o\000n\000\040\000L\000a\000y\000e\000r\000s}{}% 34
\BOOKMARK [1][-]{appendix.C}{\376\377\000V\000a\000r\000i\000a\000t\000i\000o\000n\000a\000l\000\040\000A\000u\000t\000o\000e\000n\000c\000o\000d\000e\000r\000\040\000D\000e\000r\000i\000v\000a\000t\000i\000o\000n}{}% 35
\BOOKMARK [1][-]{appendix.D}{\376\377\000A\000c\000t\000i\000v\000a\000t\000i\000o\000n\000\040\000F\000u\000n\000c\000t\000i\000o\000n\000s}{}% 36
\BOOKMARK [1][-]{appendix.E}{\376\377\000T\000r\000a\000d\000i\000t\000i\000o\000n\000a\000l\000\040\000M\000L\000\040\000C\000l\000a\000s\000s\000i\000f\000i\000c\000a\000t\000i\000o\000n\000\040\000P\000e\000r\000f\000o\000r\000m\000a\000n\000c\000e\000\040\000W\000i\000t\000h\000\040\0001\0000\000-\000F\000o\000l\000d\000\040\000C\000r\000o\000s\000s\000-\000V\000a\000l\000i\000d\000a\000t\000i\000o\000n}{}% 37
\BOOKMARK [1][-]{appendix.F}{\376\377\000R\000e\000l\000e\000v\000a\000n\000t\000\040\000C\000o\000d\000e}{}% 38
\BOOKMARK [2][-]{subsection.F.1}{\376\377\000S\000c\000a\000l\000e\000-\000A\000d\000j\000u\000s\000t\000i\000n\000g\000\040\000C\000o\000n\000v\000o\000l\000u\000t\000i\000o\000n\000a\000l\000\040\000N\000e\000u\000r\000a\000l\000\040\000N\000e\000t\000w\000o\000r\000k}{appendix.F}% 39
\BOOKMARK [2][-]{subsection.F.2}{\376\377\000V\000A\000E\000\040\000L\000o\000s\000s\000\040\000F\000u\000n\000c\000t\000i\000o\000n\000s}{appendix.F}% 40
\BOOKMARK [2][-]{subsection.F.3}{\376\377\000R\000e\000p\000a\000r\000a\000m\000e\000t\000e\000r\000i\000s\000a\000t\000i\000o\000n\000\040\000T\000r\000i\000c\000k}{appendix.F}% 41
\BOOKMARK [1][-]{appendix.G}{\376\377\000F\000u\000l\000l\000\040\000C\000l\000a\000s\000s\000i\000f\000i\000c\000a\000t\000i\000o\000n\000\040\000R\000e\000s\000u\000l\000t\000s}{}% 42
